// Jest Snapshot v1, https://goo.gl/fbAQLP

exports[`ControlPanelCards component renders as expected 1`] = `
<div
  className="creation-view-controls-card-container"
>
  <div
    className="tf--grid-container"
  >
    <div
      className="tf--grid"
    >
      <div
        className="tf--providers-container tf--row"
      />
    </div>
  </div>
</div>
`;
