// Jest Snapshot v1, https://goo.gl/fbAQLP

exports[`ControlPanelSkeleton component renders as expected 1`] = `
<div
  className="creation-view-controls-skeleton"
>
  <label
    className="creation-view-controls-textbox-title"
    htmlFor="controlId"
  >
    creation.app.name
  </label>
  <div
    className="pf-c-skeleton"
    id="controlId"
  >
    <span
      className="pf-u-screen-reader"
    />
  </div>
</div>
`;
